------------------------------------------------------------
Timing Analyzer Summary
------------------------------------------------------------

Type  : Slow 1100mV 85C Model Setup 'CLOCK_50'
Slack : -1.875
TNS   : -23.483

Type  : Slow 1100mV 85C Model Hold 'CLOCK_50'
Slack : 0.487
TNS   : 0.000

Type  : Slow 1100mV 85C Model Minimum Pulse Width 'CLOCK_50'
Slack : -0.724
TNS   : -17.821

Type  : Slow 1100mV 0C Model Setup 'CLOCK_50'
Slack : -2.092
TNS   : -26.099

Type  : Slow 1100mV 0C Model Hold 'CLOCK_50'
Slack : 0.508
TNS   : 0.000

Type  : Slow 1100mV 0C Model Minimum Pulse Width 'CLOCK_50'
Slack : -0.724
TNS   : -17.782

Type  : Fast 1100mV 85C Model Setup 'CLOCK_50'
Slack : -0.071
TNS   : -0.245

Type  : Fast 1100mV 85C Model Hold 'CLOCK_50'
Slack : 0.197
TNS   : 0.000

Type  : Fast 1100mV 85C Model Minimum Pulse Width 'CLOCK_50'
Slack : -0.089
TNS   : -1.397

Type  : Fast 1100mV 0C Model Setup 'CLOCK_50'
Slack : -0.049
TNS   : -0.128

Type  : Fast 1100mV 0C Model Hold 'CLOCK_50'
Slack : 0.188
TNS   : 0.000

Type  : Fast 1100mV 0C Model Minimum Pulse Width 'CLOCK_50'
Slack : -0.087
TNS   : -1.385

------------------------------------------------------------
